Another data output file.
Some lines    have extra whitespace.
Some	lines have tabs.
 Some lines have leading whitespace.
Some lines have trailing whitespace.   

Some lines are blank, and there are trailing blank lines.



